// Jest Snapshot v1, https://goo.gl/fbAQLP

exports[`NetworkSocial should render Network social component 1`] = `
<div
  className="pi_Card-network"
>
  <div
    className="pi_Card-network-location"
  >
    <i
      data-icon="ei-location"
      data-size="s"
    />
    <span>
      Saltillo, Coahuila
    </span>
  </div>
  <ul
    className="pi_Card-network-contact"
  >
    <li
      className="pi_Card-network-contact-item"
    >
      <a
        href=""
        target="_blank"
      >
        <i
          data-icon="ei-envelope"
          data-size="m"
        />
      </a>
    </li>
    <li
      className="pi_Card-network-contact-item"
    >
      <a
        href="https://github.com/cesar-valdez"
        target="_blank"
      >
        <i
          data-icon="ei-sc-github"
          data-size="m"
        />
      </a>
    </li>
    <li
      className="pi_Card-network-contact-item"
    >
      <a
        href="https://www.linkedin.com/in/c%C3%A9sar-alberto-bustos-valdez-7b6a8a154/"
        target="_blank"
      >
        <i
          data-icon="ei-sc-linkedin"
          data-size="m"
        />
      </a>
    </li>
  </ul>
</div>
`;
